Verified 72 checksums; only three UI files differ
Gateway configuration, captures, credentials and retention preserved; engine image retained
 Image facetech-engine:eval-pad-0d87e7b9a807 Building 
 Image facetech-mock-gateway:eval-pad-c9a87c4f2266 Building 
#1 [internal] load local bake definitions
#1 reading from stdin 1.15kB done
#1 DONE 0.0s

#2 [internal] load build definition from Dockerfile
#2 transferring dockerfile: 723B done
#2 DONE 0.1s

#3 [internal] load metadata for docker.io/library/python:3.12-slim@sha256:78387bc3881b8273120a12ebe6c1ab22b018ccc2c9adf565ae1ac9b536e184ea
#3 DONE 1.6s

#4 [internal] load .dockerignore
#4 transferring context: 271B done
#4 DONE 0.1s

#5 [1/8] FROM docker.io/library/python:3.12-slim@sha256:78387bc3881b8273120a12ebe6c1ab22b018ccc2c9adf565ae1ac9b536e184ea
#5 resolve docker.io/library/python:3.12-slim@sha256:78387bc3881b8273120a12ebe6c1ab22b018ccc2c9adf565ae1ac9b536e184ea 0.1s done
#5 DONE 0.1s

#6 [internal] load build context
#6 transferring context: 10.55MB 0.3s done
#6 DONE 0.4s

#7 [2/8] WORKDIR /app
#7 CACHED

#8 [3/8] RUN pip install --no-cache-dir       "fastapi==0.141.1"       "starlette==1.6.0"       "uvicorn[standard]==0.52.4"       "httpx==0.28.1"       "msgpack==1.1.2"
#8 CACHED

#9 [4/8] COPY apps ./apps
#9 DONE 0.3s

#10 [5/8] COPY mock-gateway ./mock-gateway
#10 DONE 0.2s

#11 [6/8] COPY packages/face-sdk/dist ./packages/face-sdk/dist
#11 DONE 0.2s

#12 [7/8] RUN groupadd --gid 10002 gateway  && useradd --uid 10002 --gid 10002 --no-create-home --shell /usr/sbin/nologin gateway
#12 DONE 0.9s

#13 [8/8] WORKDIR /app/mock-gateway
#13 DONE 0.2s

#14 exporting to image
#14 exporting layers
#14 exporting layers 0.9s done
#14 exporting manifest sha256:694783f45146857b6afb6d5690ca9e466badbb6f1c2a676614ec5bf88973d168
#14 exporting manifest sha256:694783f45146857b6afb6d5690ca9e466badbb6f1c2a676614ec5bf88973d168 0.0s done
#14 exporting config sha256:b45127c8f3f3d2d70b501c0f4f9682409d36b014729993f7cfd4285aa0b686e0 0.0s done
#14 exporting attestation manifest sha256:981a08dc645f40b09f58567849cc738c77b2b296681c6d1fa98ceba1bf36e4c8
#14 exporting attestation manifest sha256:981a08dc645f40b09f58567849cc738c77b2b296681c6d1fa98ceba1bf36e4c8 0.1s done
#14 exporting manifest list sha256:cf88bbb290a10dd5251ef9d7cc9633b290ccacb1f5c4ad3da376a319a3700d71 0.1s done
#14 naming to docker.io/library/facetech-mock-gateway:eval-pad-c9a87c4f2266
#14 naming to docker.io/library/facetech-mock-gateway:eval-pad-c9a87c4f2266 0.0s done
#14 unpacking to docker.io/library/facetech-mock-gateway:eval-pad-c9a87c4f2266
#14 unpacking to docker.io/library/facetech-mock-gateway:eval-pad-c9a87c4f2266 0.3s done
#14 DONE 1.5s

#15 resolving provenance for metadata file
#15 DONE 0.1s
 Image facetech-mock-gateway:eval-pad-c9a87c4f2266 Built 
 Network facetech-recording-stage_demo Creating 
 Network facetech-recording-stage_demo Created 
 Container facetech-recording-stage-gateway-1 Creating 
 Container facetech-recording-stage-gateway-1 Created 
 Container facetech-recording-stage-gateway-1 Starting 
 Container facetech-recording-stage-gateway-1 Started 
