Verified 72 checksums; only three UI files differ
Gateway configuration, captures, credentials and retention preserved; engine image retained
 Image facetech-engine:eval-pad-0d87e7b9a807 Building 
 Image facetech-mock-gateway:eval-pad-c574af5467d2 Building 
#1 [internal] load local bake definitions
#1 reading from stdin 1.15kB done
#1 DONE 0.0s

#2 [internal] load build definition from Dockerfile
#2 transferring dockerfile: 723B done
#2 DONE 0.1s

#3 [internal] load metadata for docker.io/library/python:3.12-slim@sha256:78387bc3881b8273120a12ebe6c1ab22b018ccc2c9adf565ae1ac9b536e184ea
#3 DONE 1.5s

#4 [internal] load .dockerignore
#4 transferring context: 271B done
#4 DONE 0.0s

#5 [1/8] FROM docker.io/library/python:3.12-slim@sha256:78387bc3881b8273120a12ebe6c1ab22b018ccc2c9adf565ae1ac9b536e184ea
#5 resolve docker.io/library/python:3.12-slim@sha256:78387bc3881b8273120a12ebe6c1ab22b018ccc2c9adf565ae1ac9b536e184ea 0.0s done
#5 DONE 0.0s

#6 [internal] load build context
#6 transferring context: 10.55MB 0.1s done
#6 DONE 0.1s

#7 [2/8] WORKDIR /app
#7 CACHED

#8 [3/8] RUN pip install --no-cache-dir       "fastapi==0.141.1"       "starlette==1.6.0"       "uvicorn[standard]==0.52.4"       "httpx==0.28.1"       "msgpack==1.1.2"
#8 CACHED

#9 [4/8] COPY apps ./apps
#9 DONE 0.2s

#10 [5/8] COPY mock-gateway ./mock-gateway
#10 DONE 0.1s

#11 [6/8] COPY packages/face-sdk/dist ./packages/face-sdk/dist
#11 DONE 0.1s

#12 [7/8] RUN groupadd --gid 10002 gateway  && useradd --uid 10002 --gid 10002 --no-create-home --shell /usr/sbin/nologin gateway
#12 DONE 0.4s

#13 [8/8] WORKDIR /app/mock-gateway
#13 DONE 0.1s

#14 exporting to image
#14 exporting layers
#14 exporting layers 0.8s done
#14 exporting manifest sha256:2e73c7187b0afd1ee44db071ec8234162b6b7d84004310e4c9b50c985f817d92 0.0s done
#14 exporting config sha256:6546aad60e675468061a7307c96035a01bd8e3f61d5073e8e87095d411d4f198 0.0s done
#14 exporting attestation manifest sha256:3f1cb53273c0d2beb34fe00f0436aa21df3132fe5e2f166af27ee9c79f4f88c2 0.0s done
#14 exporting manifest list sha256:11fea5d7dc7507041edbfdd110dfcb17a3141bb4fe5579442f5e39dcbc81868c 0.0s done
#14 naming to docker.io/library/facetech-mock-gateway:eval-pad-c574af5467d2 done
#14 unpacking to docker.io/library/facetech-mock-gateway:eval-pad-c574af5467d2
#14 unpacking to docker.io/library/facetech-mock-gateway:eval-pad-c574af5467d2 0.2s done
#14 DONE 1.1s

#15 resolving provenance for metadata file
#15 DONE 0.0s
 Image facetech-mock-gateway:eval-pad-c574af5467d2 Built 
 Network facetech-origin-stage_demo Creating 
 Network facetech-origin-stage_demo Created 
 Container facetech-origin-stage-gateway-1 Creating 
 Container facetech-origin-stage-gateway-1 Created 
 Container facetech-origin-stage-gateway-1 Starting 
 Container facetech-origin-stage-gateway-1 Started 
