Verified 72 release file checksums
 Image facetech-engine:eval-pad-943dc39ab702 Building 
 Image facetech-mock-gateway:eval-pad-943dc39ab702 Building 
#1 [internal] load local bake definitions
#1 reading from stdin 1.18kB done
#1 DONE 0.0s

#2 [engine internal] load build definition from Dockerfile
#2 transferring dockerfile: 992B done
#2 DONE 0.0s

#3 [gateway internal] load build definition from Dockerfile
#3 transferring dockerfile: 723B done
#3 DONE 0.1s

#4 [engine internal] load metadata for docker.io/library/python:3.12-slim@sha256:78387bc3881b8273120a12ebe6c1ab22b018ccc2c9adf565ae1ac9b536e184ea
#4 ...

#5 [engine internal] load .dockerignore
#5 DONE 0.0s

#4 [engine internal] load metadata for docker.io/library/python:3.12-slim@sha256:78387bc3881b8273120a12ebe6c1ab22b018ccc2c9adf565ae1ac9b536e184ea
#4 DONE 1.7s

#5 [engine internal] load .dockerignore
#5 transferring context: 68B done
#5 DONE 0.0s

#6 [engine internal] load build context
#6 DONE 0.0s

#7 [gateway internal] load .dockerignore
#7 transferring context: 271B done
#7 DONE 0.1s

#8 [gateway internal] load build context
#8 DONE 0.0s

#9 [gateway 1/8] FROM docker.io/library/python:3.12-slim@sha256:78387bc3881b8273120a12ebe6c1ab22b018ccc2c9adf565ae1ac9b536e184ea
#9 resolve docker.io/library/python:3.12-slim@sha256:78387bc3881b8273120a12ebe6c1ab22b018ccc2c9adf565ae1ac9b536e184ea
#9 resolve docker.io/library/python:3.12-slim@sha256:78387bc3881b8273120a12ebe6c1ab22b018ccc2c9adf565ae1ac9b536e184ea 0.1s done
#9 DONE 0.1s

#6 [engine internal] load build context
#6 ...

#8 [gateway internal] load build context
#8 transferring context: 10.54MB 0.2s done
#8 DONE 0.3s

#10 [gateway 2/8] WORKDIR /app
#10 CACHED

#11 [gateway 3/8] RUN pip install --no-cache-dir       "fastapi==0.141.1"       "starlette==1.6.0"       "uvicorn[standard]==0.52.4"       "httpx==0.28.1"       "msgpack==1.1.2"
#11 CACHED

#6 [engine internal] load build context
#6 ...

#12 [gateway 4/8] COPY apps ./apps
#12 DONE 0.3s

#6 [engine internal] load build context
#6 ...

#13 [gateway 5/8] COPY mock-gateway ./mock-gateway
#13 DONE 0.2s

#6 [engine internal] load build context
#6 ...

#14 [gateway 6/8] COPY packages/face-sdk/dist ./packages/face-sdk/dist
#14 DONE 0.3s

#6 [engine internal] load build context
#6 ...

#15 [gateway 7/8] RUN groupadd --gid 10002 gateway  && useradd --uid 10002 --gid 10002 --no-create-home --shell /usr/sbin/nologin gateway
#15 DONE 0.8s

#6 [engine internal] load build context
#6 ...

#16 [gateway 8/8] WORKDIR /app/mock-gateway
#16 DONE 0.1s

#6 [engine internal] load build context
#6 transferring context: 177.01MB 2.3s done
#6 DONE 2.3s

#10 [engine 2/8] WORKDIR /app
#10 CACHED

#17 [engine 3/8] COPY requirements.txt .
#17 CACHED

#18 [engine 4/8] RUN pip install --no-cache-dir -r requirements.txt
#18 CACHED

#19 [engine 5/8] COPY models ./models
#19 DONE 1.0s

#20 [gateway] exporting to image
#20 exporting layers 1.1s done
#20 exporting manifest sha256:42d872276ad09821fd1f1f2565f0257f5ad6d233793144f1db3ddfaa9e57e739 0.0s done
#20 exporting config sha256:8f997719986d89e22f99d99bf9b0c05f4f99ee9250a113eab1a764b45a284c02 0.0s done
#20 exporting attestation manifest sha256:592640f4933f491fb36dc480e1333569ac3f682cefbae4e7ae925b96e8435a44 0.0s done
#20 exporting manifest list sha256:4270668bbcc251ce9186ffb69040e948b9678739d86ce61c419b35af02fe96d8 0.0s done
#20 naming to docker.io/library/facetech-mock-gateway:eval-pad-943dc39ab702 done
#20 unpacking to docker.io/library/facetech-mock-gateway:eval-pad-943dc39ab702
#20 ...

#21 [engine 6/8] COPY app ./app
#21 DONE 0.1s

#20 [gateway] exporting to image
#20 unpacking to docker.io/library/facetech-mock-gateway:eval-pad-943dc39ab702 0.4s done
#20 DONE 1.7s

#22 [engine 7/8] RUN python -c "from app.anti_spoof import get_pad; get_pad()"
#22 ...

#23 [gateway] resolving provenance for metadata file
#23 DONE 0.0s

#22 [engine 7/8] RUN python -c "from app.anti_spoof import get_pad; get_pad()"
#22 DONE 1.5s

#24 [engine 8/8] RUN groupadd --system --gid 10001 engine && useradd --system --uid 10001 --gid 10001 --no-create-home --shell /usr/sbin/nologin engine
#24 0.306 useradd warning: engine's uid 10001 is greater than SYS_UID_MAX 999
#24 DONE 0.3s

#25 [engine] exporting to image
#25 exporting layers 7.7s done
#25 exporting manifest sha256:b3fcd63227a44ae5fddd70e456507658bad82c678d61448a6669abc49c070739 0.0s done
#25 exporting config sha256:3e046cb4a9b4176c6c99c859daed8f8cc11307e2fdc4873d481b307034031f5d 0.0s done
#25 exporting attestation manifest sha256:8ad9f3fbda436a7a7ee83556aafc80cadb719074c97f42d34789b59de68393c8
#25 exporting attestation manifest sha256:8ad9f3fbda436a7a7ee83556aafc80cadb719074c97f42d34789b59de68393c8 0.1s done
#25 exporting manifest list sha256:501c139886018f158fab13b04238c32fbbede953548990899f001e6b1ab9148e 0.0s done
#25 naming to docker.io/library/facetech-engine:eval-pad-943dc39ab702
#25 naming to docker.io/library/facetech-engine:eval-pad-943dc39ab702 done
#25 unpacking to docker.io/library/facetech-engine:eval-pad-943dc39ab702
#25 unpacking to docker.io/library/facetech-engine:eval-pad-943dc39ab702 2.0s done
#25 DONE 10.0s

#26 [engine] resolving provenance for metadata file
#26 DONE 0.0s
 Image facetech-engine:eval-pad-943dc39ab702 Built 
 Image facetech-mock-gateway:eval-pad-943dc39ab702 Built 
 Container facetech-pad-stage-engine-1 Recreate 
 Container facetech-pad-stage-engine-1 Recreated 
 Container facetech-pad-stage-gateway-1 Recreate 
 Container facetech-pad-stage-gateway-1 Recreated 
 Container facetech-pad-stage-engine-1 Starting 
 Container facetech-pad-stage-engine-1 Started 
 Container facetech-pad-stage-engine-1 Waiting 
 Container facetech-pad-stage-engine-1 Healthy 
 Container facetech-pad-stage-gateway-1 Starting 
 Container facetech-pad-stage-gateway-1 Started 
NAME                           IMAGE                                         COMMAND                  SERVICE   CREATED         STATUS                                     PORTS
facetech-pad-stage-engine-1    facetech-engine:eval-pad-943dc39ab702         "uvicorn app.main:ap…"   engine    6 seconds ago   Up 6 seconds (healthy)                     8000/tcp
facetech-pad-stage-gateway-1   facetech-mock-gateway:eval-pad-943dc39ab702   "uvicorn app:app --h…"   gateway   6 seconds ago   Up Less than a second (health: starting)   8080/tcp
