Verified 72 checksums; only three UI files differ
Gateway configuration, captures, credentials and retention preserved; engine image retained
 Image facetech-mock-gateway:eval-pad-0e45ad88290f Building 
 Image facetech-engine:eval-pad-0d87e7b9a807 Building 
#1 [internal] load local bake definitions
#1 reading from stdin 1.15kB done
#1 DONE 0.0s

#2 [internal] load build definition from Dockerfile
#2 transferring dockerfile: 723B 0.0s done
#2 DONE 0.1s

#3 [internal] load metadata for docker.io/library/python:3.12-slim@sha256:78387bc3881b8273120a12ebe6c1ab22b018ccc2c9adf565ae1ac9b536e184ea
#3 DONE 1.5s

#4 [internal] load .dockerignore
#4 transferring context: 271B done
#4 DONE 0.1s

#5 [internal] load build context
#5 DONE 0.0s

#6 [1/8] FROM docker.io/library/python:3.12-slim@sha256:78387bc3881b8273120a12ebe6c1ab22b018ccc2c9adf565ae1ac9b536e184ea
#6 resolve docker.io/library/python:3.12-slim@sha256:78387bc3881b8273120a12ebe6c1ab22b018ccc2c9adf565ae1ac9b536e184ea
#6 resolve docker.io/library/python:3.12-slim@sha256:78387bc3881b8273120a12ebe6c1ab22b018ccc2c9adf565ae1ac9b536e184ea 0.0s done
#6 DONE 0.0s

#5 [internal] load build context
#5 transferring context: 10.55MB 0.1s done
#5 DONE 0.9s

#7 [2/8] WORKDIR /app
#7 CACHED

#8 [3/8] RUN pip install --no-cache-dir       "fastapi==0.141.1"       "starlette==1.6.0"       "uvicorn[standard]==0.52.4"       "httpx==0.28.1"       "msgpack==1.1.2"
#8 CACHED

#9 [4/8] COPY apps ./apps
#9 DONE 0.3s

#10 [5/8] COPY mock-gateway ./mock-gateway
#10 DONE 0.1s

#11 [6/8] COPY packages/face-sdk/dist ./packages/face-sdk/dist
#11 DONE 0.1s

#12 [7/8] RUN groupadd --gid 10002 gateway  && useradd --uid 10002 --gid 10002 --no-create-home --shell /usr/sbin/nologin gateway
#12 DONE 1.0s

#13 [8/8] WORKDIR /app/mock-gateway
#13 DONE 0.2s

#14 exporting to image
#14 exporting layers
#14 exporting layers 0.9s done
#14 exporting manifest sha256:d173c17e3c45eb835922b043acf54320c474ba29cf11be7a7fcf844412db1103 0.0s done
#14 exporting config sha256:8759ccf4db1e56b319a9418da5735af0dfd642e22f20592b93dff73ef234659f 0.0s done
#14 exporting attestation manifest sha256:5358ff0b974d0cc5a10e998f5f98a4b41b2b867d0855a8fa4379a1abefc32234 0.0s done
#14 exporting manifest list sha256:34ca43cde9aabbfdd269cd30ea40619add910ed3b5633af5d30f0d4e59d0263e 0.0s done
#14 naming to docker.io/library/facetech-mock-gateway:eval-pad-0e45ad88290f
#14 naming to docker.io/library/facetech-mock-gateway:eval-pad-0e45ad88290f done
#14 unpacking to docker.io/library/facetech-mock-gateway:eval-pad-0e45ad88290f
#14 unpacking to docker.io/library/facetech-mock-gateway:eval-pad-0e45ad88290f 0.3s done
#14 DONE 1.4s

#15 resolving provenance for metadata file
#15 DONE 0.0s
 Image facetech-mock-gateway:eval-pad-0e45ad88290f Built 
 Network facetech-consent-stage_demo Creating 
 Network facetech-consent-stage_demo Created 
 Container facetech-consent-stage-gateway-1 Creating 
 Container facetech-consent-stage-gateway-1 Created 
 Container facetech-consent-stage-gateway-1 Starting 
 Container facetech-consent-stage-gateway-1 Started 
sh: 52: 
: not found
