Verified 72 release file checksums
 Image facetech-mock-gateway:eval-pad-80a3dfa1dfe9 Building 
 Image facetech-engine:eval-pad-80a3dfa1dfe9 Building 
#1 [internal] load local bake definitions
#1 reading from stdin 1.18kB done
#1 DONE 0.0s

#2 [engine internal] load build definition from Dockerfile
#2 transferring dockerfile: 992B done
#2 DONE 0.0s

#3 [gateway internal] load build definition from Dockerfile
#3 transferring dockerfile: 723B done
#3 DONE 0.1s

#4 [gateway internal] load metadata for docker.io/library/python:3.12-slim@sha256:78387bc3881b8273120a12ebe6c1ab22b018ccc2c9adf565ae1ac9b536e184ea
#4 DONE 1.7s

#5 [engine internal] load .dockerignore
#5 transferring context: 68B done
#5 DONE 0.0s

#6 [engine internal] load build context
#6 DONE 0.0s

#7 [engine 1/8] FROM docker.io/library/python:3.12-slim@sha256:78387bc3881b8273120a12ebe6c1ab22b018ccc2c9adf565ae1ac9b536e184ea
#7 ...

#8 [gateway internal] load .dockerignore
#8 transferring context: 271B done
#8 DONE 0.1s

#9 [gateway internal] load build context
#9 DONE 0.0s

#7 [gateway 1/8] FROM docker.io/library/python:3.12-slim@sha256:78387bc3881b8273120a12ebe6c1ab22b018ccc2c9adf565ae1ac9b536e184ea
#7 resolve docker.io/library/python:3.12-slim@sha256:78387bc3881b8273120a12ebe6c1ab22b018ccc2c9adf565ae1ac9b536e184ea 0.1s done
#7 resolve docker.io/library/python:3.12-slim@sha256:78387bc3881b8273120a12ebe6c1ab22b018ccc2c9adf565ae1ac9b536e184ea 0.1s done
#7 DONE 0.2s

#6 [engine internal] load build context
#6 ...

#9 [gateway internal] load build context
#9 transferring context: 10.54MB 0.3s done
#9 DONE 0.3s

#10 [gateway 2/8] WORKDIR /app
#10 CACHED

#11 [gateway 3/8] RUN pip install --no-cache-dir       "fastapi==0.141.1"       "starlette==1.6.0"       "uvicorn[standard]==0.52.4"       "httpx==0.28.1"       "msgpack==1.1.2"
#11 CACHED

#6 [engine internal] load build context
#6 ...

#12 [gateway 4/8] COPY apps ./apps
#12 DONE 0.3s

#6 [engine internal] load build context
#6 ...

#13 [gateway 5/8] COPY mock-gateway ./mock-gateway
#13 DONE 0.3s

#14 [gateway 6/8] COPY packages/face-sdk/dist ./packages/face-sdk/dist
#14 DONE 0.1s

#6 [engine internal] load build context
#6 ...

#15 [gateway 7/8] RUN groupadd --gid 10002 gateway  && useradd --uid 10002 --gid 10002 --no-create-home --shell /usr/sbin/nologin gateway
#15 DONE 1.1s

#6 [engine internal] load build context
#6 ...

#16 [gateway 8/8] WORKDIR /app/mock-gateway
#16 DONE 0.2s

#6 [engine internal] load build context
#6 transferring context: 180.56MB 3.3s done
#6 DONE 3.3s

#10 [gateway 2/8] WORKDIR /app
#10 CACHED

#17 [engine 3/8] COPY requirements.txt .
#17 DONE 0.1s

#18 [engine 4/8] RUN pip install --no-cache-dir -r requirements.txt
#18 ...

#19 [gateway] exporting to image
#19 exporting layers 1.3s done
#19 exporting manifest sha256:6dd7e33ad3708284e48d1a1fc7ee4945d337403f92855dfea54e6dcde9931a33 0.0s done
#19 exporting config sha256:cf9296215a6242da796165d56b5b19ff405a5852358a1e9f33582dae3cdaf4c2 0.0s done
#19 exporting attestation manifest sha256:e51022e79d8a7bfdfa51349c5bed9868696ab1c3c943ac473d4484eb390aabb4 0.0s done
#19 exporting manifest list sha256:df887e59209910efddb36f62e5bad0b58fffae83b022b5d8f1eaa7ed333c980a 0.0s done
#19 naming to docker.io/library/facetech-mock-gateway:eval-pad-80a3dfa1dfe9 done
#19 unpacking to docker.io/library/facetech-mock-gateway:eval-pad-80a3dfa1dfe9 0.3s done
#19 DONE 1.8s

#20 [gateway] resolving provenance for metadata file
#20 DONE 0.0s

#18 [engine 4/8] RUN pip install --no-cache-dir -r requirements.txt
#18 2.992 Collecting fastapi>=0.115 (from -r requirements.txt (line 1))
#18 3.047   Downloading fastapi-0.141.1-py3-none-any.whl.metadata (27 kB)
#18 3.093 Collecting uvicorn>=0.30 (from uvicorn[standard]>=0.30->-r requirements.txt (line 2))
#18 3.099   Downloading uvicorn-0.53.0-py3-none-any.whl.metadata (6.6 kB)
#18 3.223 Collecting pydantic>=2.7 (from -r requirements.txt (line 3))
#18 3.228   Downloading pydantic-2.13.5-py3-none-any.whl.metadata (110 kB)
#18 3.347 Collecting msgpack>=1.0 (from -r requirements.txt (line 4))
#18 3.351   Downloading msgpack-1.2.2-cp312-cp312-manylinux2014_x86_64.manylinux_2_17_x86_64.manylinux_2_28_x86_64.whl.metadata (8.3 kB)
#18 3.576 Collecting numpy==2.5.3 (from -r requirements.txt (line 5))
#18 3.576   Downloading numpy-2.5.3-cp312-cp312-manylinux_2_27_x86_64.manylinux_2_28_x86_64.whl.metadata (6.6 kB)
#18 3.633 Collecting opencv-python-headless==4.11.0.86 (from -r requirements.txt (line 6))
#18 3.637   Downloading opencv_python_headless-4.11.0.86-cp37-abi3-manylinux_2_17_x86_64.manylinux2014_x86_64.whl.metadata (20 kB)
#18 3.706 Collecting onnxruntime==1.30.0 (from -r requirements.txt (line 7))
#18 3.710   Downloading onnxruntime-1.30.0-cp312-cp312-manylinux_2_28_x86_64.whl.metadata (5.7 kB)
#18 3.767 Collecting flatbuffers (from onnxruntime==1.30.0->-r requirements.txt (line 7))
#18 3.771   Downloading flatbuffers-25.12.19-py2.py3-none-any.whl.metadata (1.0 kB)
#18 3.798 Collecting packaging (from onnxruntime==1.30.0->-r requirements.txt (line 7))
#18 3.800   Downloading packaging-26.3-py3-none-any.whl.metadata (3.5 kB)
#18 3.958 Collecting protobuf>=4.25.8 (from onnxruntime==1.30.0->-r requirements.txt (line 7))
#18 3.965   Downloading protobuf-7.36.2-cp310-abi3-manylinux2014_x86_64.whl.metadata (595 bytes)
#18 3.998 Collecting starlette>=0.46.0 (from fastapi>=0.115->-r requirements.txt (line 1))
#18 4.003   Downloading starlette-1.6.0-py3-none-any.whl.metadata (6.4 kB)
#18 4.047 Collecting typing-extensions>=4.8.0 (from fastapi>=0.115->-r requirements.txt (line 1))
#18 4.049   Downloading typing_extensions-4.16.0-py3-none-any.whl.metadata (3.3 kB)
#18 4.059 Collecting typing-inspection>=0.4.2 (from fastapi>=0.115->-r requirements.txt (line 1))
#18 4.067   Downloading typing_inspection-0.4.4-py3-none-any.whl.metadata (2.6 kB)
#18 4.082 Collecting annotated-doc>=0.0.2 (from fastapi>=0.115->-r requirements.txt (line 1))
#18 4.088   Downloading annotated_doc-0.0.5-py3-none-any.whl.metadata (6.5 kB)
#18 4.109 Collecting click>=7.0 (from uvicorn>=0.30->uvicorn[standard]>=0.30->-r requirements.txt (line 2))
#18 4.115   Downloading click-8.5.0-py3-none-any.whl.metadata (2.6 kB)
#18 4.126 Collecting h11>=0.8 (from uvicorn>=0.30->uvicorn[standard]>=0.30->-r requirements.txt (line 2))
#18 4.132   Downloading h11-0.16.0-py3-none-any.whl.metadata (8.3 kB)
#18 4.149 Collecting annotated-types>=0.6.0 (from pydantic>=2.7->-r requirements.txt (line 3))
#18 4.152   Downloading annotated_types-0.8.0-py3-none-any.whl.metadata (15 kB)
#18 4.950 Collecting pydantic-core==2.46.5 (from pydantic>=2.7->-r requirements.txt (line 3))
#18 4.952   Downloading pydantic_core-2.46.5-cp312-cp312-manylinux_2_17_x86_64.manylinux2014_x86_64.whl.metadata (6.6 kB)
#18 4.990 Collecting httptools>=0.8.0 (from uvicorn[standard]>=0.30->-r requirements.txt (line 2))
#18 4.996   Downloading httptools-0.8.0-cp312-cp312-manylinux1_x86_64.manylinux_2_28_x86_64.manylinux_2_5_x86_64.whl.metadata (3.5 kB)
#18 5.012 Collecting python-dotenv>=0.13 (from uvicorn[standard]>=0.30->-r requirements.txt (line 2))
#18 5.014   Downloading python_dotenv-1.2.3-py3-none-any.whl.metadata (29 kB)
#18 5.053 Collecting pyyaml>=5.1 (from uvicorn[standard]>=0.30->-r requirements.txt (line 2))
#18 5.057   Downloading pyyaml-6.0.3-cp312-cp312-manylinux2014_x86_64.manylinux_2_17_x86_64.manylinux_2_28_x86_64.whl.metadata (2.4 kB)
#18 5.100 Collecting uvloop>=0.15.1 (from uvicorn[standard]>=0.30->-r requirements.txt (line 2))
#18 5.103   Downloading uvloop-0.22.1-cp312-cp312-manylinux2014_x86_64.manylinux_2_17_x86_64.manylinux_2_28_x86_64.whl.metadata (4.9 kB)
#18 5.299 Collecting watchfiles>=0.20 (from uvicorn[standard]>=0.30->-r requirements.txt (line 2))
#18 5.304   Downloading watchfiles-1.2.0-cp312-cp312-manylinux_2_17_x86_64.manylinux2014_x86_64.whl.metadata (4.9 kB)
#18 5.402 Collecting websockets>=13.0 (from uvicorn[standard]>=0.30->-r requirements.txt (line 2))
#18 5.406   Downloading websockets-17.1-cp312-cp312-manylinux1_x86_64.manylinux_2_28_x86_64.manylinux_2_5_x86_64.whl.metadata (6.3 kB)
#18 5.438 Collecting anyio<5,>=3.6.2 (from starlette>=0.46.0->fastapi>=0.115->-r requirements.txt (line 1))
#18 5.442   Downloading anyio-4.15.1-py3-none-any.whl.metadata (4.7 kB)
#18 5.480 Collecting idna>=2.8 (from anyio<5,>=3.6.2->starlette>=0.46.0->fastapi>=0.115->-r requirements.txt (line 1))
#18 5.485   Downloading idna-3.20-py3-none-any.whl.metadata (7.2 kB)
#18 5.500 Downloading numpy-2.5.3-cp312-cp312-manylinux_2_27_x86_64.manylinux_2_28_x86_64.whl (16.7 MB)
#18 6.006    ━━━━━━━━━━━━━━━━━━━━━━━━━━━━━━━━━━━━━━━━ 16.7/16.7 MB 33.4 MB/s eta 0:00:00
#18 6.013 Downloading opencv_python_headless-4.11.0.86-cp37-abi3-manylinux_2_17_x86_64.manylinux2014_x86_64.whl (50.0 MB)
#18 7.740    ━━━━━━━━━━━━━━━━━━━━━━━━━━━━━━━━━━━━━━━━ 50.0/50.0 MB 28.9 MB/s eta 0:00:00
#18 7.744 Downloading onnxruntime-1.30.0-cp312-cp312-manylinux_2_28_x86_64.whl (23.6 MB)
#18 8.993    ━━━━━━━━━━━━━━━━━━━━━━━━━━━━━━━━━━━━━━━━ 23.6/23.6 MB 18.8 MB/s eta 0:00:00
#18 9.000 Downloading fastapi-0.141.1-py3-none-any.whl (131 kB)
#18 9.008 Downloading uvicorn-0.53.0-py3-none-any.whl (87 kB)
#18 9.017 Downloading pydantic-2.13.5-py3-none-any.whl (472 kB)
#18 9.077 Downloading pydantic_core-2.46.5-cp312-cp312-manylinux_2_17_x86_64.manylinux2014_x86_64.whl (2.1 MB)
#18 9.229    ━━━━━━━━━━━━━━━━━━━━━━━━━━━━━━━━━━━━━━━━ 2.1/2.1 MB 13.7 MB/s eta 0:00:00
#18 9.235 Downloading msgpack-1.2.2-cp312-cp312-manylinux2014_x86_64.manylinux_2_17_x86_64.manylinux_2_28_x86_64.whl (420 kB)
#18 9.255 Downloading annotated_doc-0.0.5-py3-none-any.whl (5.3 kB)
#18 9.261 Downloading annotated_types-0.8.0-py3-none-any.whl (13 kB)
#18 9.274 Downloading click-8.5.0-py3-none-any.whl (125 kB)
#18 9.285 Downloading h11-0.16.0-py3-none-any.whl (37 kB)
#18 9.291 Downloading httptools-0.8.0-cp312-cp312-manylinux1_x86_64.manylinux_2_28_x86_64.manylinux_2_5_x86_64.whl (523 kB)
#18 9.318 Downloading protobuf-7.36.2-cp310-abi3-manylinux2014_x86_64.whl (343 kB)
#18 9.344 Downloading python_dotenv-1.2.3-py3-none-any.whl (22 kB)
#18 9.349 Downloading pyyaml-6.0.3-cp312-cp312-manylinux2014_x86_64.manylinux_2_17_x86_64.manylinux_2_28_x86_64.whl (807 kB)
#18 9.386    ━━━━━━━━━━━━━━━━━━━━━━━━━━━━━━━━━━━━━━━━ 807.9/807.9 kB 24.3 MB/s eta 0:00:00
#18 9.390 Downloading starlette-1.6.0-py3-none-any.whl (75 kB)
#18 9.397 Downloading typing_extensions-4.16.0-py3-none-any.whl (45 kB)
#18 9.403 Downloading typing_inspection-0.4.4-py3-none-any.whl (14 kB)
#18 9.407 Downloading uvloop-0.22.1-cp312-cp312-manylinux2014_x86_64.manylinux_2_17_x86_64.manylinux_2_28_x86_64.whl (4.4 MB)
#18 9.581    ━━━━━━━━━━━━━━━━━━━━━━━━━━━━━━━━━━━━━━━━ 4.4/4.4 MB 26.2 MB/s eta 0:00:00
#18 9.582 Downloading watchfiles-1.2.0-cp312-cp312-manylinux_2_17_x86_64.manylinux2014_x86_64.whl (456 kB)
#18 9.600 Downloading websockets-17.1-cp312-cp312-manylinux1_x86_64.manylinux_2_28_x86_64.manylinux_2_5_x86_64.whl (224 kB)
#18 9.607 Downloading flatbuffers-25.12.19-py2.py3-none-any.whl (26 kB)
#18 9.613 Downloading packaging-26.3-py3-none-any.whl (129 kB)
#18 9.622 Downloading anyio-4.15.1-py3-none-any.whl (132 kB)
#18 9.630 Downloading idna-3.20-py3-none-any.whl (69 kB)
#18 9.830 Installing collected packages: flatbuffers, websockets, uvloop, typing-extensions, pyyaml, python-dotenv, protobuf, packaging, numpy, msgpack, idna, httptools, h11, click, annotated-types, annotated-doc, uvicorn, typing-inspection, pydantic-core, opencv-python-headless, onnxruntime, anyio, watchfiles, starlette, pydantic, fastapi
#18 17.04 Successfully installed annotated-doc-0.0.5 annotated-types-0.8.0 anyio-4.15.1 click-8.5.0 fastapi-0.141.1 flatbuffers-25.12.19 h11-0.16.0 httptools-0.8.0 idna-3.20 msgpack-1.2.2 numpy-2.5.3 onnxruntime-1.30.0 opencv-python-headless-4.11.0.86 packaging-26.3 protobuf-7.36.2 pydantic-2.13.5 pydantic-core-2.46.5 python-dotenv-1.2.3 pyyaml-6.0.3 starlette-1.6.0 typing-extensions-4.16.0 typing-inspection-0.4.4 uvicorn-0.53.0 uvloop-0.22.1 watchfiles-1.2.0 websockets-17.1
#18 17.04 WARNING: Running pip as the 'root' user can result in broken permissions and conflicting behaviour with the system package manager, possibly rendering your system unusable. It is recommended to use a virtual environment instead: https://pip.pypa.io/warnings/venv. Use the --root-user-action option if you know what you are doing and want to suppress this warning.
#18 17.17 
#18 17.17 [notice] A new release of pip is available: 25.0.1 -> 26.2.1
#18 17.17 [notice] To update, run: pip install --upgrade pip
#18 DONE 18.0s

#21 [engine 5/8] COPY models ./models
#21 DONE 0.8s

#22 [engine 6/8] COPY app ./app
#22 DONE 0.1s

#23 [engine 7/8] RUN python -c "from app.anti_spoof import get_pad; get_pad()"
#23 DONE 1.2s

#24 [engine 8/8] RUN groupadd --system --gid 10001 engine && useradd --system --uid 10001 --gid 10001 --no-create-home --shell /usr/sbin/nologin engine
#24 0.927 useradd warning: engine's uid 10001 is greater than SYS_UID_MAX 999
#24 DONE 1.0s

#25 [engine] exporting to image
#25 exporting layers
#25 exporting layers 18.9s done
#25 exporting manifest sha256:a5ad012e06437c0ef4db4a2606f3a48551b5057e533b147a8de9c4093bfed388 0.0s done
#25 exporting config sha256:01813d7b48582c9b7914f2428bf642f7838f64610e7f06aa4f7bcdfad73c3dd6 0.0s done
#25 exporting attestation manifest sha256:7b90e45d4adbf428561eaeda5b7a8382dc24f18fe9695b5e3c1a1af8cc7fab88 0.0s done
#25 exporting manifest list sha256:91ac3e1a1b24db4bd1925c155092ce92b3160a6c37922561806db72b304c98b7 0.0s done
#25 naming to docker.io/library/facetech-engine:eval-pad-80a3dfa1dfe9
#25 naming to docker.io/library/facetech-engine:eval-pad-80a3dfa1dfe9 done
#25 unpacking to docker.io/library/facetech-engine:eval-pad-80a3dfa1dfe9
#25 unpacking to docker.io/library/facetech-engine:eval-pad-80a3dfa1dfe9 7.4s done
#25 DONE 26.5s

#26 [engine] resolving provenance for metadata file
#26 DONE 0.1s
 Image facetech-mock-gateway:eval-pad-80a3dfa1dfe9 Built 
 Image facetech-engine:eval-pad-80a3dfa1dfe9 Built 
 Network facetech-pad-stage_demo Creating 
 Network facetech-pad-stage_demo Created 
 Container facetech-pad-stage-engine-1 Creating 
 Container facetech-pad-stage-engine-1 Created 
 Container facetech-pad-stage-gateway-1 Creating 
 Container facetech-pad-stage-gateway-1 Created 
 Container facetech-pad-stage-engine-1 Starting 
 Container facetech-pad-stage-engine-1 Started 
 Container facetech-pad-stage-engine-1 Waiting 
 Container facetech-pad-stage-engine-1 Healthy 
 Container facetech-pad-stage-gateway-1 Starting 
 Container facetech-pad-stage-gateway-1 Started 
NAME                           IMAGE                                         COMMAND                  SERVICE   CREATED         STATUS                                     PORTS
facetech-pad-stage-engine-1    facetech-engine:eval-pad-80a3dfa1dfe9         "uvicorn app.main:ap…"   engine    7 seconds ago   Up 6 seconds (healthy)                     8000/tcp
facetech-pad-stage-gateway-1   facetech-mock-gateway:eval-pad-80a3dfa1dfe9   "uvicorn app:app --h…"   gateway   7 seconds ago   Up Less than a second (health: starting)   8080/tcp
