✔ unchecked consent leaves storage metadata absent (7.0478ms)
✔ consent requires subject and carries independent genuine label (2.5784ms)
✔ disabled capture cannot be opted into by the checkbox (2.0638ms)
✔ a verify with a face in the oval runs end to end and says Verified only for match plus enforced liveness (162.7282ms)
✔ verify result on the page: passed (128.8597ms)
✔ verify result on the page: enforced live false (119.677ms)
✔ verify result on the page: not enforced (116.9566ms)
✔ verify result on the page: unknown liveness (131.1137ms)
✔ verify result on the page: missing liveness (131.0512ms)
✔ verify result on the page: no match (129.4552ms)
✔ verify error on the page: liveness fail (128.1011ms)
✔ verify error on the page: challenge fail (123.9698ms)
✔ verify error on the page: server error (130.6314ms)
✔ verify error on the page: busy (124.9391ms)
✔ a slow permission prompt holds the attempt without fetching a challenge, then carries on (153.6259ms)
✔ a refused camera ends with the permission message, no challenge and nothing running (96.917ms)
✔ cancel while the permission prompt is open ends the attempt; a late stream is stopped (finding 7) (99.9609ms)
✔ cancel and retry with the two camera prompts finishing in reverse order (new-first) (128.5181ms)
✔ cancel and retry with the two camera prompts finishing in reverse order (old-first) (131.8761ms)
✔ cancel while the face guide is still loading leaves no guide loop running (19.4437ms)
✔ cancel while waiting for a good face stops the preview (16.1925ms)
✔ cancel during recording stops the scan before upload (162.9149ms)
✔ a result that lands after cancel is ignored (189.0559ms)
✔ the tab going to the background during preview stops the attempt; coming back allows a retry (133.1088ms)
✔ the tab going to the background during recording stops the scan with no upload (263.7382ms)
✔ the camera ending mid-recording is reported as an interruption (126.1261ms)
✔ leaving the page during preview releases the camera (21.5315ms)
✔ a bystander outside the visible crop blocks Ready, because the engine sees the whole frame (finding 9) (149.2251ms)
✔ the oval does not move between the preflight and the hold, so the baseline is where the user lined up (finding 6) (141.5479ms)
✔ the page shows measured progress: it says Hold there once the SDK guide reaches the target (finding 6) (225.095ms)
ℹ tests 30
ℹ suites 0
ℹ pass 30
ℹ fail 0
ℹ cancelled 0
ℹ skipped 0
ℹ todo 0
ℹ duration_ms 4121.1436
